MO FallingDetector NULL ../src/rtl/modules/FallingDetector.v vlg03/_falling_detector.bin 1579944392
MO comparator3bit NULL ../src/rtl/modules/comparator3bit.v vlg26/comparator3bit.bin 1579944392
MO Comparator8Bit NULL ../src/rtl/modules/Comparator8Bit.v vlg57/_comparator8_bit.bin 1579944392
MO Carry NULL ../src/rtl/modules/Adder8bit.v vlg45/_carry.bin 1579944392
MO Multiplier NULL ../src/rtl/modules/Multiplier.v vlg5B/_multiplier.bin 1579944392
MO PressureAbnormalityDetector NULL ../src/rtl/modules/PressureAbnormalityDetector.v vlg41/_pressure_abnormality_detector.bin 1579944392
MO LogicHealthcareSystemController NULL ../src/rtl/modules/LogicHealthcareSystemController.v vlg54/_logic_healthcare_system_controller.bin 1579944392
MO BloodAbnormalityDetector NULL ../src/rtl/modules/BloodAbnormalityDetector.v vlg08/_blood_abnormality_detector.bin 1579944392
MO BloodTypeClassification NULL ../src/rtl/modules/BloodTypeClassification.v vlg76/_blood_type_classification.bin 1579944392
MO TemperatureAnalyzer NULL ../src/rtl/modules/TemperatureAnalyzer.v vlg68/_temperature_analyzer.bin 1579944392
MO ConfigurationUnit NULL ../src/rtl/modules/ConfigurationUnit.v vlg2C/_configuration_unit.bin 1579944392
MO ParityErrorChecker NULL ../src/rtl/modules/ParityErrorChecker.v vlg0C/_parity_error_checker.bin 1579944392
MO MUX4_1 NULL ../src/rtl/modules/MUX4_1.v vlg0E/_m_u_x4__1.bin 1579944392
MO TemperatureAbnormalityDetector NULL ../src/rtl/modules/TemperatureAbnormalityDetector.v vlg3E/_temperature_abnormality_detector.bin 1579944392
MO Register7Bit NULL ../src/rtl/modules/Register7Bit.v vlg47/_register7_bit.bin 1579944392
MO TemperatureCalculator NULL ../src/rtl/modules/TemperatureCalculator.v vlg7C/_temperature_calculator.bin 1579944392
MO Adder8bit NULL ../src/rtl/modules/Adder8bit.v vlg5F/_adder8bit.bin 1579944392
MO PressureAnalyzer NULL ../src/rtl/modules/PressureAnalyzer.v vlg47/_pressure_analyzer.bin 1579944392
MO BloodPHAnalyzer NULL ../src/rtl/modules/BloodPHAnalyzer.v vlg72/_blood_p_h_analyzer.bin 1579944392
MO HealthcareSystemFirstPhase NULL ../src/rtl/modules/HealthcareSystemFirstPhase.v vlg07/_healthcare_system_first_phase.bin 1579944392
MO LogicHealthcareSystem NULL ../src/rtl/modules/LogicHealthcareSystem.v vlg20/_logic_healthcare_system.bin 1579944392
MO InformationController NULL ../src/rtl/modules/InformationController.v vlg16/_information_controller.bin 1579944392
MO NervousShockDetector NULL ../src/rtl/modules/NervousShockDetector.v vlg70/_nervous_shock_detector.bin 1579944392
